// Jest Snapshot v1, https://goo.gl/fbAQLP

exports[`Loading snapshot renders correctly 1`] = `ReactWrapper {}`;

exports[`Loading snapshot visible change false 1`] = `ReactWrapper {}`;

exports[`Loading snapshot visible change true 1`] = `ReactWrapper {}`;
