// Jest Snapshot v1, https://goo.gl/fbAQLP

exports[`Modal renders correctly 1`] = `<div />`;
