// Jest Snapshot v1, https://goo.gl/fbAQLP

exports[`PinchZoom snapshot renders correctly 1`] = `
<div
  class="za-pinch-zoom"
/>
`;
