// Jest Snapshot v1, https://goo.gl/fbAQLP

exports[`Panel snapshots with title and more props 1`] = `
<div
  class="za-panel za-panel--bordered"
>
  <div
    class="za-panel__header"
  >
    <div
      class="za-panel__header__title"
    >
      title
    </div>
    <div
      class="za-panel__header__more"
    >
      more
    </div>
  </div>
  <div
    class="za-panel__body"
  >
    body
  </div>
</div>
`;
