// Jest Snapshot v1, https://goo.gl/fbAQLP

exports[`Drag snapshot renders correctly 1`] = `<div />`;
