// Jest Snapshot v1, https://goo.gl/fbAQLP

exports[`Skeleton should render with default props 1`] = `
<div>
  <div
    class="za-skeleton za-skeleton--radius"
  />
</div>
`;
