// Jest Snapshot v1, https://goo.gl/fbAQLP

exports[`BackToTop snapshot renders correctly 1`] = `
<BackToTop
  prefixCls="za-back-to-top"
  scrollContainer={[Window]}
  speed={100}
  visibleDistance={400}
>
  <Portal
    containerInfo={
      <div
        class="za-back-to-top-container"
      >
        <div
          class="za-back-to-top"
          style="display: none; position: fixed; bottom: 50px; right: 50px;"
        >
          Up
        </div>
      </div>
    }
  >
    <div
      className="za-back-to-top"
      onClick={[Function]}
      style={
        Object {
          "bottom": 50,
          "display": "none",
          "position": "fixed",
          "right": 50,
        }
      }
    >
      Up
    </div>
    <Scroller
      container={[Window]}
      onScroll={[Function]}
      prefixCls="za-scroller"
    />
  </Portal>
</BackToTop>
`;

exports[`BackToTop snapshot scrollContainer 1`] = `
Array [
  <ul
    style={
      Object {
        "maxHeight": 400,
        "overflowY": "auto",
      }
    }
  >
    <li
      key="0"
    >
      第 
      1
       行
    </li>
    <li
      key="1"
    >
      第 
      2
       行
    </li>
    <li
      key="2"
    >
      第 
      3
       行
    </li>
    <li
      key="3"
    >
      第 
      4
       行
    </li>
    <li
      key="4"
    >
      第 
      5
       行
    </li>
    <li
      key="5"
    >
      第 
      6
       行
    </li>
    <li
      key="6"
    >
      第 
      7
       行
    </li>
    <li
      key="7"
    >
      第 
      8
       行
    </li>
    <li
      key="8"
    >
      第 
      9
       行
    </li>
    <li
      key="9"
    >
      第 
      10
       行
    </li>
    <li
      key="10"
    >
      第 
      11
       行
    </li>
    <li
      key="11"
    >
      第 
      12
       行
    </li>
    <li
      key="12"
    >
      第 
      13
       行
    </li>
    <li
      key="13"
    >
      第 
      14
       行
    </li>
    <li
      key="14"
    >
      第 
      15
       行
    </li>
    <li
      key="15"
    >
      第 
      16
       行
    </li>
    <li
      key="16"
    >
      第 
      17
       行
    </li>
    <li
      key="17"
    >
      第 
      18
       行
    </li>
    <li
      key="18"
    >
      第 
      19
       行
    </li>
    <li
      key="19"
    >
      第 
      20
       行
    </li>
    <li
      key="20"
    >
      第 
      21
       行
    </li>
    <li
      key="21"
    >
      第 
      22
       行
    </li>
    <li
      key="22"
    >
      第 
      23
       行
    </li>
    <li
      key="23"
    >
      第 
      24
       行
    </li>
    <li
      key="24"
    >
      第 
      25
       行
    </li>
    <li
      key="25"
    >
      第 
      26
       行
    </li>
    <li
      key="26"
    >
      第 
      27
       行
    </li>
    <li
      key="27"
    >
      第 
      28
       行
    </li>
    <li
      key="28"
    >
      第 
      29
       行
    </li>
    <li
      key="29"
    >
      第 
      30
       行
    </li>
    <li
      key="30"
    >
      第 
      31
       行
    </li>
    <li
      key="31"
    >
      第 
      32
       行
    </li>
    <li
      key="32"
    >
      第 
      33
       行
    </li>
    <li
      key="33"
    >
      第 
      34
       行
    </li>
    <li
      key="34"
    >
      第 
      35
       行
    </li>
    <li
      key="35"
    >
      第 
      36
       行
    </li>
    <li
      key="36"
    >
      第 
      37
       行
    </li>
    <li
      key="37"
    >
      第 
      38
       行
    </li>
    <li
      key="38"
    >
      第 
      39
       行
    </li>
    <li
      key="39"
    >
      第 
      40
       行
    </li>
    <li
      key="40"
    >
      第 
      41
       行
    </li>
    <li
      key="41"
    >
      第 
      42
       行
    </li>
    <li
      key="42"
    >
      第 
      43
       行
    </li>
    <li
      key="43"
    >
      第 
      44
       行
    </li>
    <li
      key="44"
    >
      第 
      45
       行
    </li>
    <li
      key="45"
    >
      第 
      46
       行
    </li>
    <li
      key="46"
    >
      第 
      47
       行
    </li>
    <li
      key="47"
    >
      第 
      48
       行
    </li>
    <li
      key="48"
    >
      第 
      49
       行
    </li>
    <li
      key="49"
    >
      第 
      50
       行
    </li>
    <li
      key="50"
    >
      第 
      51
       行
    </li>
    <li
      key="51"
    >
      第 
      52
       行
    </li>
    <li
      key="52"
    >
      第 
      53
       行
    </li>
    <li
      key="53"
    >
      第 
      54
       行
    </li>
    <li
      key="54"
    >
      第 
      55
       行
    </li>
    <li
      key="55"
    >
      第 
      56
       行
    </li>
    <li
      key="56"
    >
      第 
      57
       行
    </li>
    <li
      key="57"
    >
      第 
      58
       行
    </li>
    <li
      key="58"
    >
      第 
      59
       行
    </li>
    <li
      key="59"
    >
      第 
      60
       行
    </li>
    <li
      key="60"
    >
      第 
      61
       行
    </li>
    <li
      key="61"
    >
      第 
      62
       行
    </li>
    <li
      key="62"
    >
      第 
      63
       行
    </li>
    <li
      key="63"
    >
      第 
      64
       行
    </li>
    <li
      key="64"
    >
      第 
      65
       行
    </li>
    <li
      key="65"
    >
      第 
      66
       行
    </li>
    <li
      key="66"
    >
      第 
      67
       行
    </li>
    <li
      key="67"
    >
      第 
      68
       行
    </li>
    <li
      key="68"
    >
      第 
      69
       行
    </li>
    <li
      key="69"
    >
      第 
      70
       行
    </li>
    <li
      key="70"
    >
      第 
      71
       行
    </li>
    <li
      key="71"
    >
      第 
      72
       行
    </li>
    <li
      key="72"
    >
      第 
      73
       行
    </li>
    <li
      key="73"
    >
      第 
      74
       行
    </li>
    <li
      key="74"
    >
      第 
      75
       行
    </li>
    <li
      key="75"
    >
      第 
      76
       行
    </li>
    <li
      key="76"
    >
      第 
      77
       行
    </li>
    <li
      key="77"
    >
      第 
      78
       行
    </li>
    <li
      key="78"
    >
      第 
      79
       行
    </li>
    <li
      key="79"
    >
      第 
      80
       行
    </li>
    <li
      key="80"
    >
      第 
      81
       行
    </li>
    <li
      key="81"
    >
      第 
      82
       行
    </li>
    <li
      key="82"
    >
      第 
      83
       行
    </li>
    <li
      key="83"
    >
      第 
      84
       行
    </li>
    <li
      key="84"
    >
      第 
      85
       行
    </li>
    <li
      key="85"
    >
      第 
      86
       行
    </li>
    <li
      key="86"
    >
      第 
      87
       行
    </li>
    <li
      key="87"
    >
      第 
      88
       行
    </li>
    <li
      key="88"
    >
      第 
      89
       行
    </li>
    <li
      key="89"
    >
      第 
      90
       行
    </li>
    <li
      key="90"
    >
      第 
      91
       行
    </li>
    <li
      key="91"
    >
      第 
      92
       行
    </li>
    <li
      key="92"
    >
      第 
      93
       行
    </li>
    <li
      key="93"
    >
      第 
      94
       行
    </li>
    <li
      key="94"
    >
      第 
      95
       行
    </li>
    <li
      key="95"
    >
      第 
      96
       行
    </li>
    <li
      key="96"
    >
      第 
      97
       行
    </li>
    <li
      key="97"
    >
      第 
      98
       行
    </li>
    <li
      key="98"
    >
      第 
      99
       行
    </li>
    <li
      key="99"
    >
      第 
      100
       行
    </li>
  </ul>,
  <BackToTop
    prefixCls="za-back-to-top"
    scrollContainer={[Function]}
    speed={100}
    visibleDistance={400}
  >
    <Portal
      containerInfo={
        <div
          class="za-back-to-top-container"
        >
          <div
            class="za-back-to-top"
            style="display: none; position: fixed; bottom: 50px; right: 50px;"
          >
            Up
          </div>
        </div>
      }
    >
      <div
        className="za-back-to-top"
        onClick={[Function]}
        style={
          Object {
            "bottom": 50,
            "display": "none",
            "position": "fixed",
            "right": 50,
          }
        }
      >
        Up
      </div>
      <Scroller
        container={[Function]}
        onScroll={[Function]}
        prefixCls="za-scroller"
      />
    </Portal>
  </BackToTop>,
]
`;
