// Jest Snapshot v1, https://goo.gl/fbAQLP

exports[`Calendar snapshot calendar render 1`] = `
<CalendarView
  dateRender={[Function]}
  defaultValue={2017-11-03T07:00:00.000Z}
  disabledDate={[Function]}
  max={2017-11-06T07:00:00.000Z}
  min={2017-11-03T07:00:00.000Z}
  multiple={false}
  prefixCls="za-calendar"
>
  <div
    className="za-calendar"
  >
    <ul
      className="za-calendar__bar"
    >
      <li
        className="za-calendar__bar__item"
        key="日"
      >
        日
      </li>
      <li
        className="za-calendar__bar__item"
        key="一"
      >
        一
      </li>
      <li
        className="za-calendar__bar__item"
        key="二"
      >
        二
      </li>
      <li
        className="za-calendar__bar__item"
        key="三"
      >
        三
      </li>
      <li
        className="za-calendar__bar__item"
        key="四"
      >
        四
      </li>
      <li
        className="za-calendar__bar__item"
        key="五"
      >
        五
      </li>
      <li
        className="za-calendar__bar__item"
        key="六"
      >
        六
      </li>
    </ul>
    <section
      className="za-calendar__body"
    >
      <CalendarMonthView
        dateMonth={2018-05-06T00:00:00.000Z}
        dateRender={[Function]}
        disabledDate={[Function]}
        key="2018-4"
        max={2017-11-06T07:00:00.000Z}
        min={2017-11-03T07:00:00.000Z}
        onDateClick={[Function]}
        prefixCls="za-calendar"
        value={
          Array [
            2017-11-03T07:00:00.000Z,
            2017-11-06T07:00:00.000Z,
          ]
        }
      >
        <section
          className="za-calendar__month"
          key="2018-4"
          title="2018年5月"
        >
          <ul>
            <li
              className="za-calendar__day za-calendar__day--selected za-calendar__day--range range-start range-end firstday-2"
              key="2018-4-1"
              onClick={[Function]}
            >
              <div
                className="za-calendar__day__content"
              >
                1
              </div>
            </li>
            <li
              className="za-calendar__day za-calendar__day--selected za-calendar__day--range range-start range-end"
              key="2018-4-2"
              onClick={[Function]}
            >
              <div
                className="za-calendar__day__content"
              >
                2
              </div>
            </li>
            <li
              className="za-calendar__day za-calendar__day--selected za-calendar__day--range range-start range-end"
              key="2018-4-3"
              onClick={[Function]}
            >
              <div
                className="za-calendar__day__content"
              >
                3
              </div>
            </li>
            <li
              className="za-calendar__day za-calendar__day--selected za-calendar__day--range range-start range-end"
              key="2018-4-4"
              onClick={[Function]}
            >
              <div
                className="za-calendar__day__content"
              >
                4
              </div>
            </li>
            <li
              className="za-calendar__day d6 za-calendar__day--selected za-calendar__day--range range-start range-end"
              key="2018-4-5"
              onClick={[Function]}
            >
              <div
                className="za-calendar__day__content"
              >
                5
              </div>
            </li>
            <li
              className="za-calendar__day d7 za-calendar__day--selected za-calendar__day--range range-start range-end"
              key="2018-4-6"
              onClick={[Function]}
            >
              <div
                className="za-calendar__day__content"
              >
                6
              </div>
            </li>
            <li
              className="za-calendar__day za-calendar__day--selected za-calendar__day--range range-start range-end"
              key="2018-4-7"
              onClick={[Function]}
            >
              <div
                className="za-calendar__day__content"
              >
                7
              </div>
            </li>
            <li
              className="za-calendar__day za-calendar__day--selected za-calendar__day--range range-start range-end"
              key="2018-4-8"
              onClick={[Function]}
            >
              <div
                className="za-calendar__day__content"
              >
                8
              </div>
            </li>
            <li
              className="za-calendar__day za-calendar__day--selected za-calendar__day--range range-start range-end"
              key="2018-4-9"
              onClick={[Function]}
            >
              <div
                className="za-calendar__day__content"
              >
                9
              </div>
            </li>
            <li
              className="za-calendar__day za-calendar__day--selected za-calendar__day--range range-start range-end"
              key="2018-4-10"
              onClick={[Function]}
            >
              <div
                className="za-calendar__day__content"
              >
                10
              </div>
            </li>
            <li
              className="za-calendar__day za-calendar__day--selected za-calendar__day--range range-start range-end"
              key="2018-4-11"
              onClick={[Function]}
            >
              <div
                className="za-calendar__day__content"
              >
                11
              </div>
            </li>
            <li
              className="za-calendar__day d6 za-calendar__day--selected za-calendar__day--range range-start range-end"
              key="2018-4-12"
              onClick={[Function]}
            >
              <div
                className="za-calendar__day__content"
              >
                12
              </div>
            </li>
            <li
              className="za-calendar__day d7 za-calendar__day--selected za-calendar__day--range range-start range-end"
              key="2018-4-13"
              onClick={[Function]}
            >
              <div
                className="za-calendar__day__content"
              >
                13
              </div>
            </li>
            <li
              className="za-calendar__day za-calendar__day--selected za-calendar__day--range range-start range-end"
              key="2018-4-14"
              onClick={[Function]}
            >
              <div
                className="za-calendar__day__content"
              >
                14
              </div>
            </li>
            <li
              className="za-calendar__day za-calendar__day--selected za-calendar__day--range range-start range-end"
              key="2018-4-15"
              onClick={[Function]}
            >
              <div
                className="za-calendar__day__content"
              >
                15
              </div>
            </li>
            <li
              className="za-calendar__day za-calendar__day--selected za-calendar__day--range range-start range-end"
              key="2018-4-16"
              onClick={[Function]}
            >
              <div
                className="za-calendar__day__content"
              >
                16
              </div>
            </li>
            <li
              className="za-calendar__day za-calendar__day--selected za-calendar__day--range range-start range-end"
              key="2018-4-17"
              onClick={[Function]}
            >
              <div
                className="za-calendar__day__content"
              >
                17
              </div>
            </li>
            <li
              className="za-calendar__day za-calendar__day--selected za-calendar__day--range range-start range-end"
              key="2018-4-18"
              onClick={[Function]}
            >
              <div
                className="za-calendar__day__content"
              >
                18
              </div>
            </li>
            <li
              className="za-calendar__day d6 za-calendar__day--selected za-calendar__day--range range-start range-end"
              key="2018-4-19"
              onClick={[Function]}
            >
              <div
                className="za-calendar__day__content"
              >
                19
              </div>
            </li>
            <li
              className="za-calendar__day d7 za-calendar__day--selected za-calendar__day--range range-start range-end"
              key="2018-4-20"
              onClick={[Function]}
            >
              <div
                className="za-calendar__day__content"
              >
                20
              </div>
            </li>
            <li
              className="za-calendar__day za-calendar__day--selected za-calendar__day--range range-start range-end"
              key="2018-4-21"
              onClick={[Function]}
            >
              <div
                className="za-calendar__day__content"
              >
                21
              </div>
            </li>
            <li
              className="za-calendar__day za-calendar__day--selected za-calendar__day--range range-start range-end"
              key="2018-4-22"
              onClick={[Function]}
            >
              <div
                className="za-calendar__day__content"
              >
                22
              </div>
            </li>
            <li
              className="za-calendar__day za-calendar__day--selected za-calendar__day--range range-start range-end"
              key="2018-4-23"
              onClick={[Function]}
            >
              <div
                className="za-calendar__day__content"
              >
                23
              </div>
            </li>
            <li
              className="za-calendar__day za-calendar__day--selected za-calendar__day--range range-start range-end"
              key="2018-4-24"
              onClick={[Function]}
            >
              <div
                className="za-calendar__day__content"
              >
                24
              </div>
            </li>
            <li
              className="za-calendar__day za-calendar__day--selected za-calendar__day--range range-start range-end"
              key="2018-4-25"
              onClick={[Function]}
            >
              <div
                className="za-calendar__day__content"
              >
                25
              </div>
            </li>
            <li
              className="za-calendar__day d6 za-calendar__day--selected za-calendar__day--range range-start range-end"
              key="2018-4-26"
              onClick={[Function]}
            >
              <div
                className="za-calendar__day__content"
              >
                26
              </div>
            </li>
            <li
              className="za-calendar__day d7 za-calendar__day--selected za-calendar__day--range range-start range-end"
              key="2018-4-27"
              onClick={[Function]}
            >
              <div
                className="za-calendar__day__content"
              >
                27
              </div>
            </li>
            <li
              className="za-calendar__day za-calendar__day--selected za-calendar__day--range range-start range-end"
              key="2018-4-28"
              onClick={[Function]}
            >
              <div
                className="za-calendar__day__content"
              >
                28
              </div>
            </li>
            <li
              className="za-calendar__day za-calendar__day--selected za-calendar__day--range range-start range-end"
              key="2018-4-29"
              onClick={[Function]}
            >
              <div
                className="za-calendar__day__content"
              >
                29
              </div>
            </li>
            <li
              className="za-calendar__day za-calendar__day--selected za-calendar__day--range range-start range-end"
              key="2018-4-30"
              onClick={[Function]}
            >
              <div
                className="za-calendar__day__content"
              >
                30
              </div>
            </li>
            <li
              className="za-calendar__day za-calendar__day--selected za-calendar__day--range range-start range-end"
              key="2018-4-31"
              onClick={[Function]}
            >
              <div
                className="za-calendar__day__content"
              >
                31
              </div>
            </li>
          </ul>
        </section>
      </CalendarMonthView>
    </section>
  </div>
</CalendarView>
`;
