// Jest Snapshot v1, https://goo.gl/fbAQLP

exports[`Toast renders correctly 1`] = `ReactWrapper {}`;

exports[`Toast visible change true 1`] = `ReactWrapper {}`;
