// Jest Snapshot v1, https://goo.gl/fbAQLP

exports[`Toast should renders correctly 1`] = `null`;
